---
source: src/msg/whisper.rs
expression: "f(\"@badges=;color=#19E6E6;display-name=randers;emotes=25:22-26;message-id=1;thread-id=40286300_553170741;turbo=0;user-id=40286300;user-type= :randers!randers@randers.tmi.twitch.tv WHISPER randers811 :hello, this is a test Kappa\")"
---
Whisper {
    recipient: "randers811",
    sender: User {
        id: "40286300",
        login: "randers",
        name: "randers",
    },
    text: "hello, this is a test Kappa",
    badges: [],
    emotes: "25:22-26",
    color: Some(
        "#19E6E6",
    ),
}
