---
source: src/msg/pong.rs
expression: "f(\":tmi.twitch.tv PONG :nonce\")"
---
Pong {
    nonce: Some(
        "nonce",
    ),
}
