---
source: src/msg/room_state.rs
expression: "f(\"@room-id=40286300;slow=5 :tmi.twitch.tv ROOMSTATE #randers\")"
---
RoomState {
    channel: "#randers",
    channel_id: "40286300",
    emote_only: None,
    followers_only: None,
    r9k: None,
    slow: Some(
        5s,
    ),
    subs_only: None,
}
