---
source: src/msg/clear_chat.rs
expression: "f(\"@ban-duration=1;room-id=11148817;target-user-id=148973258;tmi-sent-ts=1594553828245 :tmi.twitch.tv CLEARCHAT #pajlada :fabzeef\")"
---
ClearChat {
    channel: Channel(
        "#pajlada",
    ),
    channel_id: "11148817",
    action: TimeOut(
        TimeOut {
            user: "fabzeef",
            id: "148973258",
            duration: Duration {
                secs: 1,
                nanos: 0,
            },
        },
    ),
    timestamp: 2020-07-12T11:37:08.245Z,
}
